Calling vector_new()...
Calling vector_delete()...
Calling vector_new() again...
Calling vector_get(), all these should be zero:
0 = 0
0 = 0
0 = 0
Doing a bunch of vector_set()...
These should be equal:
98 = 98
15 = 15
65 = 65
-123 = -123
21 = 21
43 = 43
0 = 0
0 = 0
0 = 0
3 = 3
Test complete!
