Original list:  5  3  8  4  2  7  1  6 
Sorted list:    1  2  3  4  5  6  7  8 

Original list:  5  5  5 10  5 
Sorted list:    5  5  5  5 10 

Original list: -6 10 -4  8 -2  0 
Sorted list:   -6 -4 -2  0  8 10 

Original list: 10 20 30 40  0 
Sorted list:    0 10 20 30 40 